// Jest Snapshot v1, https://goo.gl/fbAQLP

exports[`Button renders properly 1`] = `
<button
  disabled={true}
  onClick={[Function]}
  style={undefined}
>
  Hello Jest Snapshot! ðŸ“¸
</button>
`;
